../Core/Src/main.c:114:5:main	16	static
../Core/Src/main.c:231:6:SystemClock_Config	88	static
../Core/Src/main.c:277:13:MX_ADC1_Init	24	static
../Core/Src/main.c:329:13:MX_I2C1_Init	8	static
../Core/Src/main.c:363:13:MX_SPI2_Init	8	static
../Core/Src/main.c:401:13:MX_TIM6_Init	16	static
../Core/Src/main.c:439:13:MX_USART6_UART_Init	8	static
../Core/Src/main.c:476:13:MX_DMA_Init	16	static
../Core/Src/main.c:497:13:MX_GPIO_Init	48	static
../Core/Src/main.c:559:6:read_flash	8	static
../Core/Src/main.c:574:6:read_erase_flash	8	static
../Core/Src/main.c:590:6:HAL_ADC_ConvHalfCpltCallback	16	static
../Core/Src/main.c:596:6:HAL_ADC_ConvCpltCallback	16	static
../Core/Src/main.c:603:6:processData	4	static
../Core/Src/main.c:614:6:Error_Handler	4	static,ignoring_inline_asm
