../Core/Src/w25Qxx.c:19:6:csLOW	8	static
../Core/Src/w25Qxx.c:23:6:csHIGH	8	static
../Core/Src/w25Qxx.c:28:6:SPI_Read	16	static
../Core/Src/w25Qxx.c:33:6:SPI_Write	16	static
../Core/Src/w25Qxx.c:41:6:W25Q_Reset	16	static
../Core/Src/w25Qxx.c:53:10:W25Q_ReadID	16	static
../Core/Src/w25Qxx.c:68:6:W25Q_Read	40	static
../Core/Src/w25Qxx.c:96:6:W25Q_Fast_read	40	static
../Core/Src/w25Qxx.c:126:6:write_enable	16	static
../Core/Src/w25Qxx.c:135:6:write_disable	16	static
../Core/Src/w25Qxx.c:144:6:W25Q_erase_sector	32	static
../Core/Src/w25Qxx.c:177:10:bytestowrite	16	static
../Core/Src/w25Qxx.c:182:10:bytestomodify	16	static
../Core/Src/w25Qxx.c:187:6:W25Q_Write_Page	344	static
../Core/Src/w25Qxx.c:259:6:W25Q_update_Page	4160	static
